Archive member included to satisfy reference by file (symbol)

/opt/st/stm32cubeide_1.7.0_2/plugins/com.st.stm32cube.ide.mcu.externaltools.gnu-tools-for-stm32.9-2020-q2-update.linux64_2.0.0.202105311346/tools/bin/../lib/gcc/arm-none-eabi/9.3.1/../../../../arm-none-eabi/lib/thumb/v7-m/nofp/libc_nano.a(lib_a-errno.o)
                              ./Core/Src/syscalls.o (__errno)
/opt/st/stm32cubeide_1.7.0_2/plugins/com.st.stm32cube.ide.mcu.externaltools.gnu-tools-for-stm32.9-2020-q2-update.linux64_2.0.0.202105311346/tools/bin/../lib/gcc/arm-none-eabi/9.3.1/../../../../arm-none-eabi/lib/thumb/v7-m/nofp/libc_nano.a(lib_a-exit.o)
                              /opt/st/stm32cubeide_1.7.0_2/plugins/com.st.stm32cube.ide.mcu.externaltools.gnu-tools-for-stm32.9-2020-q2-update.linux64_2.0.0.202105311346/tools/bin/../lib/gcc/arm-none-eabi/9.3.1/../../../../arm-none-eabi/lib/thumb/v7-m/nofp/crt0.o (exit)
/opt/st/stm32cubeide_1.7.0_2/plugins/com.st.stm32cube.ide.mcu.externaltools.gnu-tools-for-stm32.9-2020-q2-update.linux64_2.0.0.202105311346/tools/bin/../lib/gcc/arm-none-eabi/9.3.1/../../../../arm-none-eabi/lib/thumb/v7-m/nofp/libc_nano.a(lib_a-impure.o)
                              /opt/st/stm32cubeide_1.7.0_2/plugins/com.st.stm32cube.ide.mcu.externaltools.gnu-tools-for-stm32.9-2020-q2-update.linux64_2.0.0.202105311346/tools/bin/../lib/gcc/arm-none-eabi/9.3.1/../../../../arm-none-eabi/lib/thumb/v7-m/nofp/libc_nano.a(lib_a-exit.o) (_global_impure_ptr)
/opt/st/stm32cubeide_1.7.0_2/plugins/com.st.stm32cube.ide.mcu.externaltools.gnu-tools-for-stm32.9-2020-q2-update.linux64_2.0.0.202105311346/tools/bin/../lib/gcc/arm-none-eabi/9.3.1/../../../../arm-none-eabi/lib/thumb/v7-m/nofp/libc_nano.a(lib_a-init.o)
                              /opt/st/stm32cubeide_1.7.0_2/plugins/com.st.stm32cube.ide.mcu.externaltools.gnu-tools-for-stm32.9-2020-q2-update.linux64_2.0.0.202105311346/tools/bin/../lib/gcc/arm-none-eabi/9.3.1/../../../../arm-none-eabi/lib/thumb/v7-m/nofp/crt0.o (__libc_init_array)
/opt/st/stm32cubeide_1.7.0_2/plugins/com.st.stm32cube.ide.mcu.externaltools.gnu-tools-for-stm32.9-2020-q2-update.linux64_2.0.0.202105311346/tools/bin/../lib/gcc/arm-none-eabi/9.3.1/../../../../arm-none-eabi/lib/thumb/v7-m/nofp/libc_nano.a(lib_a-memset.o)
                              /opt/st/stm32cubeide_1.7.0_2/plugins/com.st.stm32cube.ide.mcu.externaltools.gnu-tools-for-stm32.9-2020-q2-update.linux64_2.0.0.202105311346/tools/bin/../lib/gcc/arm-none-eabi/9.3.1/../../../../arm-none-eabi/lib/thumb/v7-m/nofp/crt0.o (memset)

Allocating common symbols
Common symbol       size              file

uwTick              0x4               ./Drivers/STM32F1xx_HAL_Driver/Src/stm32f1xx_hal.o
pFlash              0x20              ./Drivers/STM32F1xx_HAL_Driver/Src/stm32f1xx_hal_flash.o
znak                0x1               ./Core/Src/main.o
huart2              0x44              ./Core/Src/usart.o

Discarded input sections

 .text          0x0000000000000000        0x0 /opt/st/stm32cubeide_1.7.0_2/plugins/com.st.stm32cube.ide.mcu.externaltools.gnu-tools-for-stm32.9-2020-q2-update.linux64_2.0.0.202105311346/tools/bin/../lib/gcc/arm-none-eabi/9.3.1/thumb/v7-m/nofp/crti.o
 .data          0x0000000000000000        0x0 /opt/st/stm32cubeide_1.7.0_2/plugins/com.st.stm32cube.ide.mcu.externaltools.gnu-tools-for-stm32.9-2020-q2-update.linux64_2.0.0.202105311346/tools/bin/../lib/gcc/arm-none-eabi/9.3.1/thumb/v7-m/nofp/crti.o
 .bss           0x0000000000000000        0x0 /opt/st/stm32cubeide_1.7.0_2/plugins/com.st.stm32cube.ide.mcu.externaltools.gnu-tools-for-stm32.9-2020-q2-update.linux64_2.0.0.202105311346/tools/bin/../lib/gcc/arm-none-eabi/9.3.1/thumb/v7-m/nofp/crti.o
 .data          0x0000000000000000        0x4 /opt/st/stm32cubeide_1.7.0_2/plugins/com.st.stm32cube.ide.mcu.externaltools.gnu-tools-for-stm32.9-2020-q2-update.linux64_2.0.0.202105311346/tools/bin/../lib/gcc/arm-none-eabi/9.3.1/thumb/v7-m/nofp/crtbegin.o
 .text          0x0000000000000000       0x7c /opt/st/stm32cubeide_1.7.0_2/plugins/com.st.stm32cube.ide.mcu.externaltools.gnu-tools-for-stm32.9-2020-q2-update.linux64_2.0.0.202105311346/tools/bin/../lib/gcc/arm-none-eabi/9.3.1/../../../../arm-none-eabi/lib/thumb/v7-m/nofp/crt0.o
 .data          0x0000000000000000        0x0 /opt/st/stm32cubeide_1.7.0_2/plugins/com.st.stm32cube.ide.mcu.externaltools.gnu-tools-for-stm32.9-2020-q2-update.linux64_2.0.0.202105311346/tools/bin/../lib/gcc/arm-none-eabi/9.3.1/../../../../arm-none-eabi/lib/thumb/v7-m/nofp/crt0.o
 .bss           0x0000000000000000        0x0 /opt/st/stm32cubeide_1.7.0_2/plugins/com.st.stm32cube.ide.mcu.externaltools.gnu-tools-for-stm32.9-2020-q2-update.linux64_2.0.0.202105311346/tools/bin/../lib/gcc/arm-none-eabi/9.3.1/../../../../arm-none-eabi/lib/thumb/v7-m/nofp/crt0.o
[...]
Memory Configuration

Name             Origin             Length             Attributes
RAM              0x0000000020000000 0x0000000000005000 xrw
FLASH            0x0000000008000000 0x0000000000020000 xr
*default*        0x0000000000000000 0xffffffffffffffff

Linker script and memory map

LOAD /opt/st/stm32cubeide_1.7.0_2/plugins/com.st.stm32cube.ide.mcu.externaltools.gnu-tools-for-stm32.9-2020-q2-update.linux64_2.0.0.202105311346/tools/bin/../lib/gcc/arm-none-eabi/9.3.1/thumb/v7-m/nofp/crti.o
LOAD /opt/st/stm32cubeide_1.7.0_2/plugins/com.st.stm32cube.ide.mcu.externaltools.gnu-tools-for-stm32.9-2020-q2-update.linux64_2.0.0.202105311346/tools/bin/../lib/gcc/arm-none-eabi/9.3.1/thumb/v7-m/nofp/crtbegin.o
LOAD /opt/st/stm32cubeide_1.7.0_2/plugins/com.st.stm32cube.ide.mcu.externaltools.gnu-tools-for-stm32.9-2020-q2-update.linux64_2.0.0.202105311346/tools/bin/../lib/gcc/arm-none-eabi/9.3.1/../../../../arm-none-eabi/lib/thumb/v7-m/nofp/crt0.o
LOAD ./Core/Src/gpio.o
LOAD ./Core/Src/main.o
LOAD ./Core/Src/stm32f1xx_hal_msp.o
LOAD ./Core/Src/stm32f1xx_it.o
LOAD ./Core/Src/syscalls.o
LOAD ./Core/Src/sysmem.o
LOAD ./Core/Src/system_stm32f1xx.o
LOAD ./Core/Src/usart.o
LOAD ./Core/Startup/startup_stm32f103rbtx.o
LOAD ./Drivers/STM32F1xx_HAL_Driver/Src/stm32f1xx_hal.o
LOAD ./Drivers/STM32F1xx_HAL_Driver/Src/stm32f1xx_hal_cortex.o
LOAD ./Drivers/STM32F1xx_HAL_Driver/Src/stm32f1xx_hal_dma.o
LOAD ./Drivers/STM32F1xx_HAL_Driver/Src/stm32f1xx_hal_exti.o
LOAD ./Drivers/STM32F1xx_HAL_Driver/Src/stm32f1xx_hal_flash.o
LOAD ./Drivers/STM32F1xx_HAL_Driver/Src/stm32f1xx_hal_flash_ex.o
LOAD ./Drivers/STM32F1xx_HAL_Driver/Src/stm32f1xx_hal_gpio.o
LOAD ./Drivers/STM32F1xx_HAL_Driver/Src/stm32f1xx_hal_gpio_ex.o
LOAD ./Drivers/STM32F1xx_HAL_Driver/Src/stm32f1xx_hal_pwr.o
LOAD ./Drivers/STM32F1xx_HAL_Driver/Src/stm32f1xx_hal_rcc.o
LOAD ./Drivers/STM32F1xx_HAL_Driver/Src/stm32f1xx_hal_rcc_ex.o
LOAD ./Drivers/STM32F1xx_HAL_Driver/Src/stm32f1xx_hal_tim.o
LOAD ./Drivers/STM32F1xx_HAL_Driver/Src/stm32f1xx_hal_tim_ex.o
LOAD ./Drivers/STM32F1xx_HAL_Driver/Src/stm32f1xx_hal_uart.o
START GROUP
LOAD /opt/st/stm32cubeide_1.7.0_2/plugins/com.st.stm32cube.ide.mcu.externaltools.gnu-tools-for-stm32.9-2020-q2-update.linux64_2.0.0.202105311346/tools/bin/../lib/gcc/arm-none-eabi/9.3.1/../../../../arm-none-eabi/lib/thumb/v7-m/nofp/libc_nano.a
LOAD /opt/st/stm32cubeide_1.7.0_2/plugins/com.st.stm32cube.ide.mcu.externaltools.gnu-tools-for-stm32.9-2020-q2-update.linux64_2.0.0.202105311346/tools/bin/../lib/gcc/arm-none-eabi/9.3.1/../../../../arm-none-eabi/lib/thumb/v7-m/nofp/libm.a
END GROUP
START GROUP
LOAD /opt/st/stm32cubeide_1.7.0_2/plugins/com.st.stm32cube.ide.mcu.externaltools.gnu-tools-for-stm32.9-2020-q2-update.linux64_2.0.0.202105311346/tools/bin/../lib/gcc/arm-none-eabi/9.3.1/thumb/v7-m/nofp/libgcc.a
LOAD /opt/st/stm32cubeide_1.7.0_2/plugins/com.st.stm32cube.ide.mcu.externaltools.gnu-tools-for-stm32.9-2020-q2-update.linux64_2.0.0.202105311346/tools/bin/../lib/gcc/arm-none-eabi/9.3.1/../../../../arm-none-eabi/lib/thumb/v7-m/nofp/libc_nano.a
END GROUP
START GROUP
LOAD /opt/st/stm32cubeide_1.7.0_2/plugins/com.st.stm32cube.ide.mcu.externaltools.gnu-tools-for-stm32.9-2020-q2-update.linux64_2.0.0.202105311346/tools/bin/../lib/gcc/arm-none-eabi/9.3.1/thumb/v7-m/nofp/libgcc.a
LOAD /opt/st/stm32cubeide_1.7.0_2/plugins/com.st.stm32cube.ide.mcu.externaltools.gnu-tools-for-stm32.9-2020-q2-update.linux64_2.0.0.202105311346/tools/bin/../lib/gcc/arm-none-eabi/9.3.1/../../../../arm-none-eabi/lib/thumb/v7-m/nofp/libc_nano.a
LOAD /opt/st/stm32cubeide_1.7.0_2/plugins/com.st.stm32cube.ide.mcu.externaltools.gnu-tools-for-stm32.9-2020-q2-update.linux64_2.0.0.202105311346/tools/bin/../lib/gcc/arm-none-eabi/9.3.1/../../../../arm-none-eabi/lib/thumb/v7-m/nofp/libnosys.a
END GROUP
START GROUP
LOAD /opt/st/stm32cubeide_1.7.0_2/plugins/com.st.stm32cube.ide.mcu.externaltools.gnu-tools-for-stm32.9-2020-q2-update.linux64_2.0.0.202105311346/tools/bin/../lib/gcc/arm-none-eabi/9.3.1/thumb/v7-m/nofp/libgcc.a
LOAD /opt/st/stm32cubeide_1.7.0_2/plugins/com.st.stm32cube.ide.mcu.externaltools.gnu-tools-for-stm32.9-2020-q2-update.linux64_2.0.0.202105311346/tools/bin/../lib/gcc/arm-none-eabi/9.3.1/../../../../arm-none-eabi/lib/thumb/v7-m/nofp/libc_nano.a
LOAD /opt/st/stm32cubeide_1.7.0_2/plugins/com.st.stm32cube.ide.mcu.externaltools.gnu-tools-for-stm32.9-2020-q2-update.linux64_2.0.0.202105311346/tools/bin/../lib/gcc/arm-none-eabi/9.3.1/../../../../arm-none-eabi/lib/thumb/v7-m/nofp/libnosys.a
END GROUP
LOAD /opt/st/stm32cubeide_1.7.0_2/plugins/com.st.stm32cube.ide.mcu.externaltools.gnu-tools-for-stm32.9-2020-q2-update.linux64_2.0.0.202105311346/tools/bin/../lib/gcc/arm-none-eabi/9.3.1/thumb/v7-m/nofp/crtend.o
LOAD /opt/st/stm32cubeide_1.7.0_2/plugins/com.st.stm32cube.ide.mcu.externaltools.gnu-tools-for-stm32.9-2020-q2-update.linux64_2.0.0.202105311346/tools/bin/../lib/gcc/arm-none-eabi/9.3.1/thumb/v7-m/nofp/crtn.o
                0x0000000020005000                _estack = (ORIGIN (RAM) + LENGTH (RAM))
                0x0000000000000200                _Min_Heap_Size = 0x200
                0x0000000000000400                _Min_Stack_Size = 0x400

.isr_vector     0x0000000008000000      0x10c
                0x0000000008000000                . = ALIGN (0x4)
 *(.isr_vector)
 .isr_vector    0x0000000008000000      0x10c ./Core/Startup/startup_stm32f103rbtx.o
                0x0000000008000000                g_pfnVectors
                0x000000000800010c                . = ALIGN (0x4)

.text           0x000000000800010c     0x1d58
                0x000000000800010c                . = ALIGN (0x4)
 *(.text)
 .text          0x000000000800010c       0x40 /opt/st/stm32cubeide_1.7.0_2/plugins/com.st.stm32cube.ide.mcu.externaltools.gnu-tools-for-stm32.9-2020-q2-update.linux64_2.0.0.202105311346/tools/bin/../lib/gcc/arm-none-eabi/9.3.1/thumb/v7-m/nofp/crtbegin.o
 *(.text*)
 .text.MX_GPIO_Init
                0x000000000800014c       0xdc ./Core/Src/gpio.o
                0x000000000800014c                MX_GPIO_Init
 .text.main     0x0000000008000228       0x28 ./Core/Src/main.o
                0x0000000008000228                main
 .text.SystemClock_Config
                0x0000000008000250       0x82 ./Core/Src/main.o
                0x0000000008000250                SystemClock_Config
 *fill*         0x00000000080002d2        0x2 
 .text.HAL_UART_RxCpltCallback
                0x00000000080002d4       0x5c ./Core/Src/main.o
                0x00000000080002d4                HAL_UART_RxCpltCallback
 .text.Error_Handler
                0x0000000008000330        0xa ./Core/Src/main.o
                0x0000000008000330                Error_Handler
 *fill*         0x000000000800033a        0x2 
 .text.HAL_MspInit
                0x000000000800033c       0x64 ./Core/Src/stm32f1xx_hal_msp.o
                0x000000000800033c                HAL_MspInit
 .text.NMI_Handler
                0x00000000080003a0        0x6 ./Core/Src/stm32f1xx_it.o
                0x00000000080003a0                NMI_Handler
 .text.HardFault_Handler
                0x00000000080003a6        0x6 ./Core/Src/stm32f1xx_it.o
                0x00000000080003a6                HardFault_Handler
 .text.MemManage_Handler
                0x00000000080003ac        0x6 ./Core/Src/stm32f1xx_it.o
                0x00000000080003ac                MemManage_Handler
 .text.BusFault_Handler
                0x00000000080003b2        0x6 ./Core/Src/stm32f1xx_it.o
                0x00000000080003b2                BusFault_Handler
 .text.UsageFault_Handler
                0x00000000080003b8        0x6 ./Core/Src/stm32f1xx_it.o
                0x00000000080003b8                UsageFault_Handler
 .text.SVC_Handler
                0x00000000080003be        0xc ./Core/Src/stm32f1xx_it.o
                0x00000000080003be                SVC_Handler
 .text.DebugMon_Handler
                0x00000000080003ca        0xc ./Core/Src/stm32f1xx_it.o
                0x00000000080003ca                DebugMon_Handler
 .text.PendSV_Handler
                0x00000000080003d6        0xc ./Core/Src/stm32f1xx_it.o
                0x00000000080003d6                PendSV_Handler
 .text.SysTick_Handler
                0x00000000080003e2        0xc ./Core/Src/stm32f1xx_it.o
                0x00000000080003e2                SysTick_Handler
 *fill*         0x00000000080003ee        0x2 
 .text.USART2_IRQHandler
                0x00000000080003f0       0x14 ./Core/Src/stm32f1xx_it.o
                0x00000000080003f0                USART2_IRQHandler
 .text.EXTI15_10_IRQHandler
                0x0000000008000404       0x10 ./Core/Src/stm32f1xx_it.o
                0x0000000008000404                EXTI15_10_IRQHandler
 .text.SystemInit
                0x0000000008000414        0xc ./Core/Src/system_stm32f1xx.o
                0x0000000008000414                SystemInit
 .text.MX_USART2_UART_Init
                0x0000000008000420       0x54 ./Core/Src/usart.o
                0x0000000008000420                MX_USART2_UART_Init
 .text.HAL_UART_MspInit
                0x0000000008000474       0x8c ./Core/Src/usart.o
                0x0000000008000474                HAL_UART_MspInit
 .text.Reset_Handler
                0x0000000008000500       0x48 ./Core/Startup/startup_stm32f103rbtx.o
                0x0000000008000500                Reset_Handler
 .text.Default_Handler
                0x0000000008000548        0x2 ./Core/Startup/startup_stm32f103rbtx.o
                0x0000000008000548                RTC_Alarm_IRQHandler
                0x0000000008000548                EXTI2_IRQHandler
                0x0000000008000548                TIM1_CC_IRQHandler
                0x0000000008000548                PVD_IRQHandler
                0x0000000008000548                EXTI3_IRQHandler
                0x0000000008000548                EXTI0_IRQHandler
                0x0000000008000548                I2C2_EV_IRQHandler
                0x0000000008000548                ADC1_2_IRQHandler
                0x0000000008000548                SPI1_IRQHandler
                0x0000000008000548                TAMPER_IRQHandler
                0x0000000008000548                DMA1_Channel4_IRQHandler
                0x0000000008000548                USART3_IRQHandler
                0x0000000008000548                RTC_IRQHandler
                0x0000000008000548                DMA1_Channel7_IRQHandler
                0x0000000008000548                CAN1_RX1_IRQHandler
                0x0000000008000548                TIM4_IRQHandler
                0x0000000008000548                I2C1_EV_IRQHandler
                0x0000000008000548                DMA1_Channel6_IRQHandler
                0x0000000008000548                TIM3_IRQHandler
                0x0000000008000548                RCC_IRQHandler
                0x0000000008000548                TIM1_TRG_COM_IRQHandler
                0x0000000008000548                DMA1_Channel1_IRQHandler
                0x0000000008000548                Default_Handler
                0x0000000008000548                EXTI9_5_IRQHandler
                0x0000000008000548                SPI2_IRQHandler
                0x0000000008000548                DMA1_Channel5_IRQHandler
                0x0000000008000548                EXTI4_IRQHandler
                0x0000000008000548                USB_LP_CAN1_RX0_IRQHandler
                0x0000000008000548                USB_HP_CAN1_TX_IRQHandler
                0x0000000008000548                DMA1_Channel3_IRQHandler
                0x0000000008000548                TIM1_UP_IRQHandler
                0x0000000008000548                WWDG_IRQHandler
                0x0000000008000548                TIM2_IRQHandler
                0x0000000008000548                TIM1_BRK_IRQHandler
                0x0000000008000548                EXTI1_IRQHandler
                0x0000000008000548                I2C2_ER_IRQHandler
                0x0000000008000548                DMA1_Channel2_IRQHandler
                0x0000000008000548                CAN1_SCE_IRQHandler
                0x0000000008000548                FLASH_IRQHandler
                0x0000000008000548                USART1_IRQHandler
                0x0000000008000548                I2C1_ER_IRQHandler
                0x0000000008000548                USBWakeUp_IRQHandler
 *fill*         0x000000000800054a        0x2 
 .text.HAL_Init
                0x000000000800054c       0x2c ./Drivers/STM32F1xx_HAL_Driver/Src/stm32f1xx_hal.o
                0x000000000800054c                HAL_Init
 .text.HAL_InitTick
                0x0000000008000578       0x60 ./Drivers/STM32F1xx_HAL_Driver/Src/stm32f1xx_hal.o
                0x0000000008000578                HAL_InitTick
 .text.HAL_IncTick
                0x00000000080005d8       0x24 ./Drivers/STM32F1xx_HAL_Driver/Src/stm32f1xx_hal.o
                0x00000000080005d8                HAL_IncTick
 .text.HAL_GetTick
                0x00000000080005fc       0x14 ./Drivers/STM32F1xx_HAL_Driver/Src/stm32f1xx_hal.o
                0x00000000080005fc                HAL_GetTick
 .text.__NVIC_SetPriorityGrouping
                0x0000000008000610       0x48 ./Drivers/STM32F1xx_HAL_Driver/Src/stm32f1xx_hal_cortex.o
 .text.__NVIC_GetPriorityGrouping
                0x0000000008000658       0x1c ./Drivers/STM32F1xx_HAL_Driver/Src/stm32f1xx_hal_cortex.o
 .text.__NVIC_EnableIRQ
                0x0000000008000674       0x38 ./Drivers/STM32F1xx_HAL_Driver/Src/stm32f1xx_hal_cortex.o
 .text.__NVIC_SetPriority
                0x00000000080006ac       0x54 ./Drivers/STM32F1xx_HAL_Driver/Src/stm32f1xx_hal_cortex.o
 .text.NVIC_EncodePriority
                0x0000000008000700       0x64 ./Drivers/STM32F1xx_HAL_Driver/Src/stm32f1xx_hal_cortex.o
 .text.SysTick_Config
                0x0000000008000764       0x44 ./Drivers/STM32F1xx_HAL_Driver/Src/stm32f1xx_hal_cortex.o
 .text.HAL_NVIC_SetPriorityGrouping
                0x00000000080007a8       0x16 ./Drivers/STM32F1xx_HAL_Driver/Src/stm32f1xx_hal_cortex.o
                0x00000000080007a8                HAL_NVIC_SetPriorityGrouping
 .text.HAL_NVIC_SetPriority
                0x00000000080007be       0x38 ./Drivers/STM32F1xx_HAL_Driver/Src/stm32f1xx_hal_cortex.o
                0x00000000080007be                HAL_NVIC_SetPriority
 .text.HAL_NVIC_EnableIRQ
                0x00000000080007f6       0x1c ./Drivers/STM32F1xx_HAL_Driver/Src/stm32f1xx_hal_cortex.o
                0x00000000080007f6                HAL_NVIC_EnableIRQ
 .text.HAL_SYSTICK_Config
                0x0000000008000812       0x18 ./Drivers/STM32F1xx_HAL_Driver/Src/stm32f1xx_hal_cortex.o
                0x0000000008000812                HAL_SYSTICK_Config
 .text.HAL_DMA_Abort
                0x000000000800082a       0x74 ./Drivers/STM32F1xx_HAL_Driver/Src/stm32f1xx_hal_dma.o
                0x000000000800082a                HAL_DMA_Abort
 *fill*         0x000000000800089e        0x2 
 .text.HAL_DMA_Abort_IT
                0x00000000080008a0       0xec ./Drivers/STM32F1xx_HAL_Driver/Src/stm32f1xx_hal_dma.o
                0x00000000080008a0                HAL_DMA_Abort_IT
 .text.HAL_GPIO_Init
                0x000000000800098c      0x308 ./Drivers/STM32F1xx_HAL_Driver/Src/stm32f1xx_hal_gpio.o
                0x000000000800098c                HAL_GPIO_Init
 .text.HAL_GPIO_WritePin
                0x0000000008000c94       0x30 ./Drivers/STM32F1xx_HAL_Driver/Src/stm32f1xx_hal_gpio.o
                0x0000000008000c94                HAL_GPIO_WritePin
 .text.HAL_GPIO_EXTI_IRQHandler
                0x0000000008000cc4       0x30 ./Drivers/STM32F1xx_HAL_Driver/Src/stm32f1xx_hal_gpio.o
                0x0000000008000cc4                HAL_GPIO_EXTI_IRQHandler
 .text.HAL_GPIO_EXTI_Callback
                0x0000000008000cf4       0x14 ./Drivers/STM32F1xx_HAL_Driver/Src/stm32f1xx_hal_gpio.o
                0x0000000008000cf4                HAL_GPIO_EXTI_Callback
 .text.HAL_RCC_OscConfig
                0x0000000008000d08      0x500 ./Drivers/STM32F1xx_HAL_Driver/Src/stm32f1xx_hal_rcc.o
                0x0000000008000d08                HAL_RCC_OscConfig
 .text.HAL_RCC_ClockConfig
                0x0000000008001208      0x1d4 ./Drivers/STM32F1xx_HAL_Driver/Src/stm32f1xx_hal_rcc.o
                0x0000000008001208                HAL_RCC_ClockConfig
 .text.HAL_RCC_GetSysClockFreq
                0x00000000080013dc       0xc0 ./Drivers/STM32F1xx_HAL_Driver/Src/stm32f1xx_hal_rcc.o
                0x00000000080013dc                HAL_RCC_GetSysClockFreq
 .text.HAL_RCC_GetHCLKFreq
                0x000000000800149c       0x14 ./Drivers/STM32F1xx_HAL_Driver/Src/stm32f1xx_hal_rcc.o
                0x000000000800149c                HAL_RCC_GetHCLKFreq
 .text.HAL_RCC_GetPCLK1Freq
                0x00000000080014b0       0x28 ./Drivers/STM32F1xx_HAL_Driver/Src/stm32f1xx_hal_rcc.o
                0x00000000080014b0                HAL_RCC_GetPCLK1Freq
 .text.HAL_RCC_GetPCLK2Freq
                0x00000000080014d8       0x28 ./Drivers/STM32F1xx_HAL_Driver/Src/stm32f1xx_hal_rcc.o
                0x00000000080014d8                HAL_RCC_GetPCLK2Freq
 .text.RCC_Delay
                0x0000000008001500       0x3c ./Drivers/STM32F1xx_HAL_Driver/Src/stm32f1xx_hal_rcc.o
 .text.HAL_UART_Init
                0x000000000800153c       0x9a ./Drivers/STM32F1xx_HAL_Driver/Src/stm32f1xx_hal_uart.o
                0x000000000800153c                HAL_UART_Init
 .text.HAL_UART_Receive_IT
                0x00000000080015d6       0x60 ./Drivers/STM32F1xx_HAL_Driver/Src/stm32f1xx_hal_uart.o
                0x00000000080015d6                HAL_UART_Receive_IT
 *fill*         0x0000000008001636        0x2 
 .text.HAL_UART_IRQHandler
                0x0000000008001638      0x354 ./Drivers/STM32F1xx_HAL_Driver/Src/stm32f1xx_hal_uart.o
                0x0000000008001638                HAL_UART_IRQHandler
 .text.HAL_UART_TxCpltCallback
                0x000000000800198c       0x12 ./Drivers/STM32F1xx_HAL_Driver/Src/stm32f1xx_hal_uart.o
                0x000000000800198c                HAL_UART_TxCpltCallback
 .text.HAL_UART_ErrorCallback
                0x000000000800199e       0x12 ./Drivers/STM32F1xx_HAL_Driver/Src/stm32f1xx_hal_uart.o
                0x000000000800199e                HAL_UART_ErrorCallback
 .text.HAL_UARTEx_RxEventCallback
                0x00000000080019b0       0x16 ./Drivers/STM32F1xx_HAL_Driver/Src/stm32f1xx_hal_uart.o
                0x00000000080019b0                HAL_UARTEx_RxEventCallback
 .text.UART_Start_Receive_IT
                0x00000000080019c6       0x72 ./Drivers/STM32F1xx_HAL_Driver/Src/stm32f1xx_hal_uart.o
                0x00000000080019c6                UART_Start_Receive_IT
 .text.UART_EndRxTransfer
                0x0000000008001a38       0x58 ./Drivers/STM32F1xx_HAL_Driver/Src/stm32f1xx_hal_uart.o
 .text.UART_DMAAbortOnError
                0x0000000008001a90       0x28 ./Drivers/STM32F1xx_HAL_Driver/Src/stm32f1xx_hal_uart.o
 .text.UART_Transmit_IT
                0x0000000008001ab8       0x9e ./Drivers/STM32F1xx_HAL_Driver/Src/stm32f1xx_hal_uart.o
 .text.UART_EndTransmit_IT
                0x0000000008001b56       0x30 ./Drivers/STM32F1xx_HAL_Driver/Src/stm32f1xx_hal_uart.o
 .text.UART_Receive_IT
                0x0000000008001b86      0x152 ./Drivers/STM32F1xx_HAL_Driver/Src/stm32f1xx_hal_uart.o
 .text.UART_SetConfig
                0x0000000008001cd8      0x11c ./Drivers/STM32F1xx_HAL_Driver/Src/stm32f1xx_hal_uart.o
 .text.__libc_init_array
                0x0000000008001df4       0x48 /opt/st/stm32cubeide_1.7.0_2/plugins/com.st.stm32cube.ide.mcu.externaltools.gnu-tools-for-stm32.9-2020-q2-update.linux64_2.0.0.202105311346/tools/bin/../lib/gcc/arm-none-eabi/9.3.1/../../../../arm-none-eabi/lib/thumb/v7-m/nofp/libc_nano.a(lib_a-init.o)
                0x0000000008001df4                __libc_init_array
 .text.memset   0x0000000008001e3c       0x10 /opt/st/stm32cubeide_1.7.0_2/plugins/com.st.stm32cube.ide.mcu.externaltools.gnu-tools-for-stm32.9-2020-q2-update.linux64_2.0.0.202105311346/tools/bin/../lib/gcc/arm-none-eabi/9.3.1/../../../../arm-none-eabi/lib/thumb/v7-m/nofp/libc_nano.a(lib_a-memset.o)
                0x0000000008001e3c                memset
 *(.glue_7)
 .glue_7        0x0000000008001e4c        0x0 linker stubs
 *(.glue_7t)
 .glue_7t       0x0000000008001e4c        0x0 linker stubs
 *(.eh_frame)
 .eh_frame      0x0000000008001e4c        0x0 /opt/st/stm32cubeide_1.7.0_2/plugins/com.st.stm32cube.ide.mcu.externaltools.gnu-tools-for-stm32.9-2020-q2-update.linux64_2.0.0.202105311346/tools/bin/../lib/gcc/arm-none-eabi/9.3.1/thumb/v7-m/nofp/crtbegin.o
 *(.init)
 .init          0x0000000008001e4c        0x4 /opt/st/stm32cubeide_1.7.0_2/plugins/com.st.stm32cube.ide.mcu.externaltools.gnu-tools-for-stm32.9-2020-q2-update.linux64_2.0.0.202105311346/tools/bin/../lib/gcc/arm-none-eabi/9.3.1/thumb/v7-m/nofp/crti.o
                0x0000000008001e4c                _init
 .init          0x0000000008001e50        0x8 /opt/st/stm32cubeide_1.7.0_2/plugins/com.st.stm32cube.ide.mcu.externaltools.gnu-tools-for-stm32.9-2020-q2-update.linux64_2.0.0.202105311346/tools/bin/../lib/gcc/arm-none-eabi/9.3.1/thumb/v7-m/nofp/crtn.o
 *(.fini)
 .fini          0x0000000008001e58        0x4 /opt/st/stm32cubeide_1.7.0_2/plugins/com.st.stm32cube.ide.mcu.externaltools.gnu-tools-for-stm32.9-2020-q2-update.linux64_2.0.0.202105311346/tools/bin/../lib/gcc/arm-none-eabi/9.3.1/thumb/v7-m/nofp/crti.o
                0x0000000008001e58                _fini
 .fini          0x0000000008001e5c        0x8 /opt/st/stm32cubeide_1.7.0_2/plugins/com.st.stm32cube.ide.mcu.externaltools.gnu-tools-for-stm32.9-2020-q2-update.linux64_2.0.0.202105311346/tools/bin/../lib/gcc/arm-none-eabi/9.3.1/thumb/v7-m/nofp/crtn.o
                0x0000000008001e64                . = ALIGN (0x4)
                0x0000000008001e64                _etext = .

.vfp11_veneer   0x0000000008001e64        0x0
 .vfp11_veneer  0x0000000008001e64        0x0 linker stubs

.v4_bx          0x0000000008001e64        0x0
 .v4_bx         0x0000000008001e64        0x0 linker stubs

.iplt           0x0000000008001e64        0x0
 .iplt          0x0000000008001e64        0x0 /opt/st/stm32cubeide_1.7.0_2/plugins/com.st.stm32cube.ide.mcu.externaltools.gnu-tools-for-stm32.9-2020-q2-update.linux64_2.0.0.202105311346/tools/bin/../lib/gcc/arm-none-eabi/9.3.1/thumb/v7-m/nofp/crtbegin.o

.rodata         0x0000000008001e64       0x28
                0x0000000008001e64                . = ALIGN (0x4)
 *(.rodata)
 .rodata        0x0000000008001e64       0x10 ./Drivers/STM32F1xx_HAL_Driver/Src/stm32f1xx_hal_rcc.o
 *(.rodata*)
 .rodata.AHBPrescTable
                0x0000000008001e74       0x10 ./Core/Src/system_stm32f1xx.o
                0x0000000008001e74                AHBPrescTable
 .rodata.APBPrescTable
                0x0000000008001e84        0x8 ./Core/Src/system_stm32f1xx.o
                0x0000000008001e84                APBPrescTable
                0x0000000008001e8c                . = ALIGN (0x4)

.rel.dyn        0x0000000008001e8c        0x0
 .rel.iplt      0x0000000008001e8c        0x0 /opt/st/stm32cubeide_1.7.0_2/plugins/com.st.stm32cube.ide.mcu.externaltools.gnu-tools-for-stm32.9-2020-q2-update.linux64_2.0.0.202105311346/tools/bin/../lib/gcc/arm-none-eabi/9.3.1/thumb/v7-m/nofp/crtbegin.o

.ARM.extab      0x0000000008001e8c        0x0
                0x0000000008001e8c                . = ALIGN (0x4)
 *(.ARM.extab* .gnu.linkonce.armextab.*)
                0x0000000008001e8c                . = ALIGN (0x4)

.ARM            0x0000000008001e8c        0x0
                0x0000000008001e8c                . = ALIGN (0x4)
                0x0000000008001e8c                __exidx_start = .
 *(.ARM.exidx*)
                0x0000000008001e8c                __exidx_end = .
                0x0000000008001e8c                . = ALIGN (0x4)

.preinit_array  0x0000000008001e8c        0x0
                0x0000000008001e8c                . = ALIGN (0x4)
                0x0000000008001e8c                PROVIDE (__preinit_array_start = .)
 *(.preinit_array*)
                0x0000000008001e8c                PROVIDE (__preinit_array_end = .)
                0x0000000008001e8c                . = ALIGN (0x4)

.init_array     0x0000000008001e8c        0x4
                0x0000000008001e8c                . = ALIGN (0x4)
                0x0000000008001e8c                PROVIDE (__init_array_start = .)
 *(SORT_BY_NAME(.init_array.*))
 *(.init_array*)
 .init_array    0x0000000008001e8c        0x4 /opt/st/stm32cubeide_1.7.0_2/plugins/com.st.stm32cube.ide.mcu.externaltools.gnu-tools-for-stm32.9-2020-q2-update.linux64_2.0.0.202105311346/tools/bin/../lib/gcc/arm-none-eabi/9.3.1/thumb/v7-m/nofp/crtbegin.o
                0x0000000008001e90                PROVIDE (__init_array_end = .)
                0x0000000008001e90                . = ALIGN (0x4)

.fini_array     0x0000000008001e90        0x4
                0x0000000008001e90                . = ALIGN (0x4)
                [!provide]                        PROVIDE (__fini_array_start = .)
 *(SORT_BY_NAME(.fini_array.*))
 *(.fini_array*)
 .fini_array    0x0000000008001e90        0x4 /opt/st/stm32cubeide_1.7.0_2/plugins/com.st.stm32cube.ide.mcu.externaltools.gnu-tools-for-stm32.9-2020-q2-update.linux64_2.0.0.202105311346/tools/bin/../lib/gcc/arm-none-eabi/9.3.1/thumb/v7-m/nofp/crtbegin.o
                [!provide]                        PROVIDE (__fini_array_end = .)
                0x0000000008001e94                . = ALIGN (0x4)
                0x0000000008001e94                _sidata = LOADADDR (.data)

.data           0x0000000020000000        0xc load address 0x0000000008001e94
                0x0000000020000000                . = ALIGN (0x4)
                0x0000000020000000                _sdata = .
 *(.data)
 *(.data*)
 .data.SystemCoreClock
                0x0000000020000000        0x4 ./Core/Src/system_stm32f1xx.o
                0x0000000020000000                SystemCoreClock
 .data.uwTickPrio
                0x0000000020000004        0x4 ./Drivers/STM32F1xx_HAL_Driver/Src/stm32f1xx_hal.o
                0x0000000020000004                uwTickPrio
 .data.uwTickFreq
                0x0000000020000008        0x1 ./Drivers/STM32F1xx_HAL_Driver/Src/stm32f1xx_hal.o
                0x0000000020000008                uwTickFreq
 *(.RamFunc)
 *(.RamFunc*)
                0x000000002000000c                . = ALIGN (0x4)
 *fill*         0x0000000020000009        0x3 
                0x000000002000000c                _edata = .

.igot.plt       0x000000002000000c        0x0 load address 0x0000000008001ea0
 .igot.plt      0x000000002000000c        0x0 /opt/st/stm32cubeide_1.7.0_2/plugins/com.st.stm32cube.ide.mcu.externaltools.gnu-tools-for-stm32.9-2020-q2-update.linux64_2.0.0.202105311346/tools/bin/../lib/gcc/arm-none-eabi/9.3.1/thumb/v7-m/nofp/crtbegin.o
                0x000000002000000c                . = ALIGN (0x4)

.bss            0x000000002000000c       0x68 load address 0x0000000008001ea0
                0x000000002000000c                _sbss = .
                0x000000002000000c                __bss_start__ = _sbss
 *(.bss)
 .bss           0x000000002000000c       0x1c /opt/st/stm32cubeide_1.7.0_2/plugins/com.st.stm32cube.ide.mcu.externaltools.gnu-tools-for-stm32.9-2020-q2-update.linux64_2.0.0.202105311346/tools/bin/../lib/gcc/arm-none-eabi/9.3.1/thumb/v7-m/nofp/crtbegin.o
 *(.bss*)
 *(COMMON)
 COMMON         0x0000000020000028        0x1 ./Core/Src/main.o
                0x0000000020000028                znak
 *fill*         0x0000000020000029        0x3 
 COMMON         0x000000002000002c       0x44 ./Core/Src/usart.o
                0x000000002000002c                huart2
 COMMON         0x0000000020000070        0x4 ./Drivers/STM32F1xx_HAL_Driver/Src/stm32f1xx_hal.o
                0x0000000020000070                uwTick
                0x0000000020000074                . = ALIGN (0x4)
                0x0000000020000074                _ebss = .
                0x0000000020000074                __bss_end__ = _ebss

._user_heap_stack
                0x0000000020000074      0x604 load address 0x0000000008001ea0
                0x0000000020000078                . = ALIGN (0x8)
 *fill*         0x0000000020000074        0x4 
                [!provide]                        PROVIDE (end = .)
                0x0000000020000078                PROVIDE (_end = .)
                0x0000000020000278                . = (. + _Min_Heap_Size)
 *fill*         0x0000000020000078      0x200 
                0x0000000020000678                . = (. + _Min_Stack_Size)
 *fill*         0x0000000020000278      0x400 
                0x0000000020000678                . = ALIGN (0x8)

/DISCARD/
 libc.a(*)
 libm.a(*)
 libgcc.a(*)

.ARM.attributes
                0x0000000000000000       0x29
 *(.ARM.attributes)
 .ARM.attributes
                0x0000000000000000       0x1d /opt/st/stm32cubeide_1.7.0_2/plugins/com.st.stm32cube.ide.mcu.externaltools.gnu-tools-for-stm32.9-2020-q2-update.linux64_2.0.0.202105311346/tools/bin/../lib/gcc/arm-none-eabi/9.3.1/thumb/v7-m/nofp/crti.o
 .ARM.attributes
                0x000000000000001d       0x2d /opt/st/stm32cubeide_1.7.0_2/plugins/com.st.stm32cube.ide.mcu.externaltools.gnu-tools-for-stm32.9-2020-q2-update.linux64_2.0.0.202105311346/tools/bin/../lib/gcc/arm-none-eabi/9.3.1/thumb/v7-m/nofp/crtbegin.o
 .ARM.attributes
                0x000000000000004a       0x2d ./Core/Src/gpio.o
 .ARM.attributes
                0x0000000000000077       0x2d ./Core/Src/main.o
 .ARM.attributes
                0x00000000000000a4       0x2d ./Core/Src/stm32f1xx_hal_msp.o
 .ARM.attributes
                0x00000000000000d1       0x2d ./Core/Src/stm32f1xx_it.o
 .ARM.attributes
                0x00000000000000fe       0x2d ./Core/Src/system_stm32f1xx.o
 .ARM.attributes
                0x000000000000012b       0x2d ./Core/Src/usart.o
 .ARM.attributes
                0x0000000000000158       0x21 ./Core/Startup/startup_stm32f103rbtx.o
 .ARM.attributes
                0x0000000000000179       0x2d ./Drivers/STM32F1xx_HAL_Driver/Src/stm32f1xx_hal.o
 .ARM.attributes
                0x00000000000001a6       0x2d ./Drivers/STM32F1xx_HAL_Driver/Src/stm32f1xx_hal_cortex.o
 .ARM.attributes
                0x00000000000001d3       0x2d ./Drivers/STM32F1xx_HAL_Driver/Src/stm32f1xx_hal_dma.o
 .ARM.attributes
                0x0000000000000200       0x2d ./Drivers/STM32F1xx_HAL_Driver/Src/stm32f1xx_hal_gpio.o
 .ARM.attributes
                0x000000000000022d       0x2d ./Drivers/STM32F1xx_HAL_Driver/Src/stm32f1xx_hal_rcc.o
 .ARM.attributes
                0x000000000000025a       0x2d ./Drivers/STM32F1xx_HAL_Driver/Src/stm32f1xx_hal_uart.o
 .ARM.attributes
                0x0000000000000287       0x2d /opt/st/stm32cubeide_1.7.0_2/plugins/com.st.stm32cube.ide.mcu.externaltools.gnu-tools-for-stm32.9-2020-q2-update.linux64_2.0.0.202105311346/tools/bin/../lib/gcc/arm-none-eabi/9.3.1/../../../../arm-none-eabi/lib/thumb/v7-m/nofp/libc_nano.a(lib_a-init.o)
 .ARM.attributes
                0x00000000000002b4       0x2d /opt/st/stm32cubeide_1.7.0_2/plugins/com.st.stm32cube.ide.mcu.externaltools.gnu-tools-for-stm32.9-2020-q2-update.linux64_2.0.0.202105311346/tools/bin/../lib/gcc/arm-none-eabi/9.3.1/../../../../arm-none-eabi/lib/thumb/v7-m/nofp/libc_nano.a(lib_a-memset.o)
 .ARM.attributes
                0x00000000000002e1       0x1d /opt/st/stm32cubeide_1.7.0_2/plugins/com.st.stm32cube.ide.mcu.externaltools.gnu-tools-for-stm32.9-2020-q2-update.linux64_2.0.0.202105311346/tools/bin/../lib/gcc/arm-none-eabi/9.3.1/thumb/v7-m/nofp/crtn.o
OUTPUT(zadanie05.elf elf32-littlearm)
LOAD linker stubs
LOAD /opt/st/stm32cubeide_1.7.0_2/plugins/com.st.stm32cube.ide.mcu.externaltools.gnu-tools-for-stm32.9-2020-q2-update.linux64_2.0.0.202105311346/tools/bin/../lib/gcc/arm-none-eabi/9.3.1/../../../../arm-none-eabi/lib/thumb/v7-m/nofp/libc.a
LOAD /opt/st/stm32cubeide_1.7.0_2/plugins/com.st.stm32cube.ide.mcu.externaltools.gnu-tools-for-stm32.9-2020-q2-update.linux64_2.0.0.202105311346/tools/bin/../lib/gcc/arm-none-eabi/9.3.1/../../../../arm-none-eabi/lib/thumb/v7-m/nofp/libm.a
LOAD /opt/st/stm32cubeide_1.7.0_2/plugins/com.st.stm32cube.ide.mcu.externaltools.gnu-tools-for-stm32.9-2020-q2-update.linux64_2.0.0.202105311346/tools/bin/../lib/gcc/arm-none-eabi/9.3.1/thumb/v7-m/nofp/libgcc.a

.debug_info     0x0000000000000000     0x64dc
 .debug_info    0x0000000000000000      0x4f3 ./Core/Src/gpio.o
 .debug_info    0x00000000000004f3      0x896 ./Core/Src/main.o
 .debug_info    0x0000000000000d89      0x2fc ./Core/Src/stm32f1xx_hal_msp.o
 .debug_info    0x0000000000001085      0x6d2 ./Core/Src/stm32f1xx_it.o
 .debug_info    0x0000000000001757      0x2be ./Core/Src/system_stm32f1xx.o
 .debug_info    0x0000000000001a15      0x998 ./Core/Src/usart.o
 .debug_info    0x00000000000023ad       0x22 ./Core/Startup/startup_stm32f103rbtx.o
 .debug_info    0x00000000000023cf      0x76a ./Drivers/STM32F1xx_HAL_Driver/Src/stm32f1xx_hal.o
 .debug_info    0x0000000000002b39      0xbdc ./Drivers/STM32F1xx_HAL_Driver/Src/stm32f1xx_hal_cortex.o
 .debug_info    0x0000000000003715      0x81e ./Drivers/STM32F1xx_HAL_Driver/Src/stm32f1xx_hal_dma.o
 .debug_info    0x0000000000003f33      0x701 ./Drivers/STM32F1xx_HAL_Driver/Src/stm32f1xx_hal_gpio.o
 .debug_info    0x0000000000004634      0x88e ./Drivers/STM32F1xx_HAL_Driver/Src/stm32f1xx_hal_rcc.o
 .debug_info    0x0000000000004ec2     0x161a ./Drivers/STM32F1xx_HAL_Driver/Src/stm32f1xx_hal_uart.o

.debug_abbrev   0x0000000000000000     0x16e3
 .debug_abbrev  0x0000000000000000      0x157 ./Core/Src/gpio.o
 .debug_abbrev  0x0000000000000157      0x1da ./Core/Src/main.o
 .debug_abbrev  0x0000000000000331      0x11d ./Core/Src/stm32f1xx_hal_msp.o
 .debug_abbrev  0x000000000000044e      0x163 ./Core/Src/stm32f1xx_it.o
 .debug_abbrev  0x00000000000005b1      0x14e ./Core/Src/system_stm32f1xx.o
 .debug_abbrev  0x00000000000006ff      0x1c4 ./Core/Src/usart.o
 .debug_abbrev  0x00000000000008c3       0x12 ./Core/Startup/startup_stm32f103rbtx.o
 .debug_abbrev  0x00000000000008d5      0x1ed ./Drivers/STM32F1xx_HAL_Driver/Src/stm32f1xx_hal.o
 .debug_abbrev  0x0000000000000ac2      0x313 ./Drivers/STM32F1xx_HAL_Driver/Src/stm32f1xx_hal_cortex.o
 .debug_abbrev  0x0000000000000dd5      0x228 ./Drivers/STM32F1xx_HAL_Driver/Src/stm32f1xx_hal_dma.o
 .debug_abbrev  0x0000000000000ffd      0x1e8 ./Drivers/STM32F1xx_HAL_Driver/Src/stm32f1xx_hal_gpio.o
 .debug_abbrev  0x00000000000011e5      0x273 ./Drivers/STM32F1xx_HAL_Driver/Src/stm32f1xx_hal_rcc.o
 .debug_abbrev  0x0000000000001458      0x28b ./Drivers/STM32F1xx_HAL_Driver/Src/stm32f1xx_hal_uart.o

.debug_aranges  0x0000000000000000      0x6b0
 .debug_aranges
                0x0000000000000000       0x20 ./Core/Src/gpio.o
 .debug_aranges
                0x0000000000000020       0x38 ./Core/Src/main.o
 .debug_aranges
                0x0000000000000058       0x20 ./Core/Src/stm32f1xx_hal_msp.o
 .debug_aranges
                0x0000000000000078       0x70 ./Core/Src/stm32f1xx_it.o
 .debug_aranges
                0x00000000000000e8       0x28 ./Core/Src/system_stm32f1xx.o
 .debug_aranges
                0x0000000000000110       0x30 ./Core/Src/usart.o
 .debug_aranges
                0x0000000000000140       0x28 ./Core/Startup/startup_stm32f103rbtx.o
 .debug_aranges
                0x0000000000000168       0xe0 ./Drivers/STM32F1xx_HAL_Driver/Src/stm32f1xx_hal.o
 .debug_aranges
                0x0000000000000248      0x100 ./Drivers/STM32F1xx_HAL_Driver/Src/stm32f1xx_hal_cortex.o
 .debug_aranges
                0x0000000000000348       0x80 ./Drivers/STM32F1xx_HAL_Driver/Src/stm32f1xx_hal_dma.o
 .debug_aranges
                0x00000000000003c8       0x58 ./Drivers/STM32F1xx_HAL_Driver/Src/stm32f1xx_hal_gpio.o
 .debug_aranges
                0x0000000000000420       0x90 ./Drivers/STM32F1xx_HAL_Driver/Src/stm32f1xx_hal_rcc.o
 .debug_aranges
                0x00000000000004b0      0x200 ./Drivers/STM32F1xx_HAL_Driver/Src/stm32f1xx_hal_uart.o

.debug_ranges   0x0000000000000000      0x618
 .debug_ranges  0x0000000000000000       0x10 ./Core/Src/gpio.o
 .debug_ranges  0x0000000000000010       0x28 ./Core/Src/main.o
 .debug_ranges  0x0000000000000038       0x10 ./Core/Src/stm32f1xx_hal_msp.o
 .debug_ranges  0x0000000000000048       0x60 ./Core/Src/stm32f1xx_it.o
 .debug_ranges  0x00000000000000a8       0x18 ./Core/Src/system_stm32f1xx.o
 .debug_ranges  0x00000000000000c0       0x20 ./Core/Src/usart.o
 .debug_ranges  0x00000000000000e0       0x20 ./Core/Startup/startup_stm32f103rbtx.o
 .debug_ranges  0x0000000000000100       0xd0 ./Drivers/STM32F1xx_HAL_Driver/Src/stm32f1xx_hal.o
 .debug_ranges  0x00000000000001d0       0xf0 ./Drivers/STM32F1xx_HAL_Driver/Src/stm32f1xx_hal_cortex.o
 .debug_ranges  0x00000000000002c0       0x70 ./Drivers/STM32F1xx_HAL_Driver/Src/stm32f1xx_hal_dma.o
 .debug_ranges  0x0000000000000330       0x48 ./Drivers/STM32F1xx_HAL_Driver/Src/stm32f1xx_hal_gpio.o
 .debug_ranges  0x0000000000000378       0x80 ./Drivers/STM32F1xx_HAL_Driver/Src/stm32f1xx_hal_rcc.o
 .debug_ranges  0x00000000000003f8      0x220 ./Drivers/STM32F1xx_HAL_Driver/Src/stm32f1xx_hal_uart.o

.debug_macro    0x0000000000000000    0x1629c
 .debug_macro   0x0000000000000000      0x1a7 ./Core/Src/gpio.o
 .debug_macro   0x00000000000001a7      0xa9c ./Core/Src/gpio.o
 .debug_macro   0x0000000000000c43      0x215 ./Core/Src/gpio.o
 .debug_macro   0x0000000000000e58       0x2e ./Core/Src/gpio.o
 .debug_macro   0x0000000000000e86       0x22 ./Core/Src/gpio.o
 .debug_macro   0x0000000000000ea8       0x22 ./Core/Src/gpio.o
 .debug_macro   0x0000000000000eca       0x8e ./Core/Src/gpio.o
 .debug_macro   0x0000000000000f58       0x51 ./Core/Src/gpio.o
 .debug_macro   0x0000000000000fa9      0x103 ./Core/Src/gpio.o
 .debug_macro   0x00000000000010ac       0x6a ./Core/Src/gpio.o
 .debug_macro   0x0000000000001116      0x1df ./Core/Src/gpio.o
 .debug_macro   0x00000000000012f5       0x1c ./Core/Src/gpio.o
 .debug_macro   0x0000000000001311       0x22 ./Core/Src/gpio.o
 .debug_macro   0x0000000000001333       0xc3 ./Core/Src/gpio.o
 .debug_macro   0x00000000000013f6      0xd23 ./Core/Src/gpio.o
 .debug_macro   0x0000000000002119     0xe09e ./Core/Src/gpio.o
 .debug_macro   0x00000000000101b7       0x6d ./Core/Src/gpio.o
 .debug_macro   0x0000000000010224     0x3468 ./Core/Src/gpio.o
 .debug_macro   0x000000000001368c      0x174 ./Core/Src/gpio.o
 .debug_macro   0x0000000000013800       0x5c ./Core/Src/gpio.o
 .debug_macro   0x000000000001385c      0x5be ./Core/Src/gpio.o
 .debug_macro   0x0000000000013e1a      0x289 ./Core/Src/gpio.o
 .debug_macro   0x00000000000140a3      0x1cb ./Core/Src/gpio.o
 .debug_macro   0x000000000001426e      0x114 ./Core/Src/gpio.o
 .debug_macro   0x0000000000014382      0x1b2 ./Core/Src/gpio.o
 .debug_macro   0x0000000000014534       0x27 ./Core/Src/gpio.o
 .debug_macro   0x000000000001455b      0x136 ./Core/Src/gpio.o
 .debug_macro   0x0000000000014691      0x1bc ./Core/Src/gpio.o
 .debug_macro   0x000000000001484d       0x34 ./Core/Src/gpio.o
 .debug_macro   0x0000000000014881       0x3c ./Core/Src/gpio.o
 .debug_macro   0x00000000000148bd       0x57 ./Core/Src/gpio.o
 .debug_macro   0x0000000000014914       0x88 ./Core/Src/gpio.o
 .debug_macro   0x000000000001499c      0x241 ./Core/Src/gpio.o
 .debug_macro   0x0000000000014bdd      0x141 ./Core/Src/gpio.o
 .debug_macro   0x0000000000014d1e      0x279 ./Core/Src/gpio.o
 .debug_macro   0x0000000000014f97       0x83 ./Core/Src/gpio.o
 .debug_macro   0x000000000001501a       0x5e ./Core/Src/gpio.o
 .debug_macro   0x0000000000015078      0x1b5 ./Core/Src/main.o
 .debug_macro   0x000000000001522d      0x19d ./Core/Src/stm32f1xx_hal_msp.o
 .debug_macro   0x00000000000153ca      0x1a7 ./Core/Src/stm32f1xx_it.o
 .debug_macro   0x0000000000015571      0x18e ./Core/Src/system_stm32f1xx.o
 .debug_macro   0x00000000000156ff      0x1a7 ./Core/Src/usart.o
 .debug_macro   0x00000000000158a6      0x1b2 ./Drivers/STM32F1xx_HAL_Driver/Src/stm32f1xx_hal.o
 .debug_macro   0x0000000000015a58      0x18e ./Drivers/STM32F1xx_HAL_Driver/Src/stm32f1xx_hal_cortex.o
 .debug_macro   0x0000000000015be6      0x18e ./Drivers/STM32F1xx_HAL_Driver/Src/stm32f1xx_hal_dma.o
 .debug_macro   0x0000000000015d74      0x1f9 ./Drivers/STM32F1xx_HAL_Driver/Src/stm32f1xx_hal_gpio.o
 .debug_macro   0x0000000000015f6d      0x1a0 ./Drivers/STM32F1xx_HAL_Driver/Src/stm32f1xx_hal_rcc.o
 .debug_macro   0x000000000001610d      0x18f ./Drivers/STM32F1xx_HAL_Driver/Src/stm32f1xx_hal_uart.o

.debug_line     0x0000000000000000     0x792d
 .debug_line    0x0000000000000000      0x64b ./Core/Src/gpio.o
 .debug_line    0x000000000000064b      0x6e0 ./Core/Src/main.o
 .debug_line    0x0000000000000d2b      0x631 ./Core/Src/stm32f1xx_hal_msp.o
 .debug_line    0x000000000000135c      0x722 ./Core/Src/stm32f1xx_it.o
 .debug_line    0x0000000000001a7e      0x6ae ./Core/Src/system_stm32f1xx.o
 .debug_line    0x000000000000212c      0x698 ./Core/Src/usart.o
 .debug_line    0x00000000000027c4       0x87 ./Core/Startup/startup_stm32f103rbtx.o
 .debug_line    0x000000000000284b      0x8db ./Drivers/STM32F1xx_HAL_Driver/Src/stm32f1xx_hal.o
 .debug_line    0x0000000000003126      0xac3 ./Drivers/STM32F1xx_HAL_Driver/Src/stm32f1xx_hal_cortex.o
 .debug_line    0x0000000000003be9      0xd33 ./Drivers/STM32F1xx_HAL_Driver/Src/stm32f1xx_hal_dma.o
 .debug_line    0x000000000000491c      0x972 ./Drivers/STM32F1xx_HAL_Driver/Src/stm32f1xx_hal_gpio.o
 .debug_line    0x000000000000528e      0xce9 ./Drivers/STM32F1xx_HAL_Driver/Src/stm32f1xx_hal_rcc.o
 .debug_line    0x0000000000005f77     0x19b6 ./Drivers/STM32F1xx_HAL_Driver/Src/stm32f1xx_hal_uart.o

.debug_str      0x0000000000000000    0x7e396
 .debug_str     0x0000000000000000    0x7c8cf ./Core/Src/gpio.o
                                      0x7cc8b (size before relaxing)
 .debug_str     0x000000000007c8cf      0x51d ./Core/Src/main.o
                                      0x7ce7f (size before relaxing)
 .debug_str     0x000000000007cdec       0x5a ./Core/Src/stm32f1xx_hal_msp.o
                                      0x7c96c (size before relaxing)
 .debug_str     0x000000000007ce46       0xe4 ./Core/Src/stm32f1xx_it.o
                                      0x7cd77 (size before relaxing)
 .debug_str     0x000000000007cf2a       0x52 ./Core/Src/system_stm32f1xx.o
                                      0x7c817 (size before relaxing)
 .debug_str     0x000000000007cf7c       0x57 ./Core/Src/usart.o
                                      0x7d07b (size before relaxing)
 .debug_str     0x000000000007cfd3       0x36 ./Core/Startup/startup_stm32f103rbtx.o
                                         0x74 (size before relaxing)
 .debug_str     0x000000000007d009      0x304 ./Drivers/STM32F1xx_HAL_Driver/Src/stm32f1xx_hal.o
                                      0x7cea8 (size before relaxing)
 .debug_str     0x000000000007d30d      0x300 ./Drivers/STM32F1xx_HAL_Driver/Src/stm32f1xx_hal_cortex.o
                                      0x7ceb0 (size before relaxing)
 .debug_str     0x000000000007d60d      0x23a ./Drivers/STM32F1xx_HAL_Driver/Src/stm32f1xx_hal_dma.o
                                      0x7cbf2 (size before relaxing)
 .debug_str     0x000000000007d847      0x31f ./Drivers/STM32F1xx_HAL_Driver/Src/stm32f1xx_hal_gpio.o
                                      0x7cbdb (size before relaxing)
 .debug_str     0x000000000007db66      0x24f ./Drivers/STM32F1xx_HAL_Driver/Src/stm32f1xx_hal_rcc.o
                                      0x7cc14 (size before relaxing)
 .debug_str     0x000000000007ddb5      0x5e1 ./Drivers/STM32F1xx_HAL_Driver/Src/stm32f1xx_hal_uart.o
                                      0x7d206 (size before relaxing)

.comment        0x0000000000000000       0x53
 .comment       0x0000000000000000       0x53 ./Core/Src/gpio.o
                                         0x54 (size before relaxing)
 .comment       0x0000000000000053       0x54 ./Core/Src/main.o
 .comment       0x0000000000000053       0x54 ./Core/Src/stm32f1xx_hal_msp.o
 .comment       0x0000000000000053       0x54 ./Core/Src/stm32f1xx_it.o
 .comment       0x0000000000000053       0x54 ./Core/Src/system_stm32f1xx.o
 .comment       0x0000000000000053       0x54 ./Core/Src/usart.o
 .comment       0x0000000000000053       0x54 ./Drivers/STM32F1xx_HAL_Driver/Src/stm32f1xx_hal.o
 .comment       0x0000000000000053       0x54 ./Drivers/STM32F1xx_HAL_Driver/Src/stm32f1xx_hal_cortex.o
 .comment       0x0000000000000053       0x54 ./Drivers/STM32F1xx_HAL_Driver/Src/stm32f1xx_hal_dma.o
 .comment       0x0000000000000053       0x54 ./Drivers/STM32F1xx_HAL_Driver/Src/stm32f1xx_hal_gpio.o
 .comment       0x0000000000000053       0x54 ./Drivers/STM32F1xx_HAL_Driver/Src/stm32f1xx_hal_rcc.o
 .comment       0x0000000000000053       0x54 ./Drivers/STM32F1xx_HAL_Driver/Src/stm32f1xx_hal_uart.o

.debug_frame    0x0000000000000000     0x192c
 .debug_frame   0x0000000000000000       0x34 ./Core/Src/gpio.o
 .debug_frame   0x0000000000000034       0x8c ./Core/Src/main.o
 .debug_frame   0x00000000000000c0       0x38 ./Core/Src/stm32f1xx_hal_msp.o
 .debug_frame   0x00000000000000f8      0x13c ./Core/Src/stm32f1xx_it.o
 .debug_frame   0x0000000000000234       0x58 ./Core/Src/system_stm32f1xx.o
 .debug_frame   0x000000000000028c       0x74 ./Core/Src/usart.o
 .debug_frame   0x0000000000000300      0x334 ./Drivers/STM32F1xx_HAL_Driver/Src/stm32f1xx_hal.o
 .debug_frame   0x0000000000000634      0x428 ./Drivers/STM32F1xx_HAL_Driver/Src/stm32f1xx_hal_cortex.o
 .debug_frame   0x0000000000000a5c      0x208 ./Drivers/STM32F1xx_HAL_Driver/Src/stm32f1xx_hal_dma.o
 .debug_frame   0x0000000000000c64      0x14c ./Drivers/STM32F1xx_HAL_Driver/Src/stm32f1xx_hal_gpio.o
 .debug_frame   0x0000000000000db0      0x21c ./Drivers/STM32F1xx_HAL_Driver/Src/stm32f1xx_hal_rcc.o
 .debug_frame   0x0000000000000fcc      0x914 ./Drivers/STM32F1xx_HAL_Driver/Src/stm32f1xx_hal_uart.o
 .debug_frame   0x00000000000018e0       0x2c /opt/st/stm32cubeide_1.7.0_2/plugins/com.st.stm32cube.ide.mcu.externaltools.gnu-tools-for-stm32.9-2020-q2-update.linux64_2.0.0.202105311346/tools/bin/../lib/gcc/arm-none-eabi/9.3.1/../../../../arm-none-eabi/lib/thumb/v7-m/nofp/libc_nano.a(lib_a-init.o)
 .debug_frame   0x000000000000190c       0x20 /opt/st/stm32cubeide_1.7.0_2/plugins/com.st.stm32cube.ide.mcu.externaltools.gnu-tools-for-stm32.9-2020-q2-update.linux64_2.0.0.202105311346/tools/bin/../lib/gcc/arm-none-eabi/9.3.1/../../../../arm-none-eabi/lib/thumb/v7-m/nofp/libc_nano.a(lib_a-memset.o)
